Microchip MPLAB XC8 Compiler V1.12 ()

Linker command line:

--edf=C:\Program Files (x86)\Microchip\xc8\v1.12\dat\en_msgs.txt -cs \
  -h+dist/default/production\Usart.X.production.sym -z -Q18F46J50 -ol.obj \
  -Mdist/default/production/Usart.X.production.map -E1 -ver=XC8 \
  -ACODE=00h-0FFF7h -ACONST=00h-0FFF7h \
  -ASMALLCONST=0F00h-0FFFhx240,0FF00h-0FFF7h -AMEDIUMCONST=0F00h-0FFF7h \
  -ACOMRAM=01h-05Fh -AABS1=00h-0EBFh -ABIGRAM=01h-0EBFh \
  -ARAM=060h-0FFh,0100h-01FFhx13,0E00h-0EBFh -ABANK0=060h-0FFh \
  -ABANK1=0100h-01FFh -ABANK2=0200h-02FFh -ABANK3=0300h-03FFh \
  -ABANK4=0400h-04FFh -ABANK5=0500h-05FFh -ABANK6=0600h-06FFh \
  -ABANK7=0700h-07FFh -ABANK8=0800h-08FFh -ABANK9=0900h-09FFh \
  -ABANK10=0A00h-0AFFh -ABANK11=0B00h-0BFFh -ABANK12=0C00h-0CFFh \
  -ABANK13=0D00h-0DFFh -ABANK14=0E00h-0EBFh \
  -ASFR=0EC0h-0EFFh,0F00h-0F5Fh,0F60h-0FFFh \
  -preset_vec=00h,intcode=08h,intcodelo,powerup,init,end_init \
  -pramtop=0F00h -psmallconst=SMALLCONST -pmediumconst=MEDIUMCONST \
  -pconst=CONST -AFARRAM=00h-00h -ACONFIG=0FFF8h-0FFFFh -pconfig=CONFIG \
  -pjflash_buffer=0F800h \
  -prdata=COMRAM,nvrram=COMRAM,nvbit=COMRAM,rbss=COMRAM,rbit=COMRAM \
  -pfarbss=FARRAM,fardata=FARRAM \
  -pintsave_regs=BIGRAM,bigbss=BIGRAM,bigdata=BIGRAM -pbss=RAM \
  -pidata=CODE,irdata=CODE,ibigdata=CODE,ifardata=CODE \
  C:\Users\JOAQUN~1\AppData\Local\Temp\s4cc.obj \
  dist/default/production\Usart.X.production.obj 

Object code version is 3.10

Machine type is 18F46J50

Call graph: (short form)




                Name                               Link     Load   Length Selector   Space Scale
C:\Users\JOAQUN~1\AppData\Local\Temp\s4cc.obj
                end_init                             CE       CE        4        4       0
                reset_vec                             0        0        4        0       0
                config                             FFF8     FFF8        8     FFF8       0
dist/default/production\Usart.X.production.obj
                intcode                               8        8       C6        4       0
                text7                               3A2      3A2       38        4       0
                text6                               36A      36A       38        4       0
                text4                               414      414       1C        4       0
                text3                               3F8      3F8       1C        4       0
                text2                               27E      27E       78        4       0
                text1                               2F6      2F6       74        4       0
                text0                                D2       D2      1AC        4       0
                cstackCOMRAM                         46       46       13        1       1
                bssBANK0                             60       60       64       60       1
                bssCOMRAM                             1        1       45        1       1
                cinit                               3DA      3DA       1E        4       0

TOTAL           Name                               Link     Load   Length     Space
        CLASS   CODE           
                end_init                             CE       CE        4         0
                intcode                               8        8       C6         0
                reset_vec                             0        0        4         0
                text7                               3A2      3A2       38         0
                text6                               36A      36A       38         0
                text4                               414      414       1C         0
                text3                               3F8      3F8       1C         0
                text2                               27E      27E       78         0
                text1                               2F6      2F6       74         0
                text0                                D2       D2      1AC         0
                cinit                               3DA      3DA       1E         0

        CLASS   CONST          

        CLASS   SMALLCONST     

        CLASS   MEDIUMCONST    

        CLASS   COMRAM         
                cstackCOMRAM                         46       46       13         1
                bssCOMRAM                             1        1       45         1

        CLASS   ABS1           

        CLASS   BIGRAM         

        CLASS   RAM            

        CLASS   BANK0          
                bssBANK0                             60       60       64         1

        CLASS   BANK1          

        CLASS   BANK2          

        CLASS   BANK3          

        CLASS   BANK4          

        CLASS   BANK5          

        CLASS   BANK6          

        CLASS   BANK7          

        CLASS   BANK8          

        CLASS   BANK9          

        CLASS   BANK10         

        CLASS   BANK11         

        CLASS   BANK12         

        CLASS   BANK13         

        CLASS   BANK14         

        CLASS   SFR            

        CLASS   FARRAM         

        CLASS   CONFIG         
                config                             FFF8     FFF8        8         0

        CLASS   IDLOC          



SEGMENTS        Name                           Load    Length   Top    Selector   Space  Class

                reset_vec                      000000  000004  000004         0       0  CODE    
                bssCOMRAM                      000001  000058  000059         1       1  COMRAM  
                intcode                        000008  000428  000430         4       0  CODE    
                bssBANK0                       000060  000064  0000C4        60       1  BANK0   
                config                         00FFF8  000008  010000      FFF8       0  CONFIG  


UNUSED ADDRESS RANGES

        Name                Unused          Largest block    Delta
        BANK0            000C4-000FF              3C
        BANK1            00100-001FF             100
        BANK10           00A00-00AFF             100
        BANK11           00B00-00BFF             100
        BANK12           00C00-00CFF             100
        BANK13           00D00-00DFF             100
        BANK14           00E00-00EBF              C0
        BANK2            00200-002FF             100
        BANK3            00300-003FF             100
        BANK4            00400-004FF             100
        BANK5            00500-005FF             100
        BANK6            00600-006FF             100
        BANK7            00700-007FF             100
        BANK8            00800-008FF             100
        BANK9            00900-009FF             100
        BIGRAM           00059-0005F               7
                         000C4-00EBF             DFC
        CODE             00004-00007               4
                         00430-0FFF7            FBC8
        COMRAM           00059-0005F               7
        CONST            00004-00007               4
                         00430-0FFF7            FBC8
        MEDIUMCONST      00F00-0FFF7            F0F8
        RAM              000C4-00EBF             100
        SFR              00EC0-00FFF              60
        SMALLCONST       00F00-0FFF7             100

                                  Symbol Table

?_Open1USART             cstackCOMRAM  00055
?_Open2USART             cstackCOMRAM  00055
?_Write1USART            cstackCOMRAM  00055
?_Write2USART            cstackCOMRAM  00055
Open1USART@config        cstackCOMRAM  00055
Open1USART@spbrg         cstackCOMRAM  00056
Open2USART@config        cstackCOMRAM  00055
Open2USART@spbrg         cstackCOMRAM  00056
Read1USART@data          cstackCOMRAM  00046
Read2USART@data          cstackCOMRAM  00046
Write1USART@data         cstackCOMRAM  00055
Write2USART@data         cstackCOMRAM  00055
_CaracterRx1             bssCOMRAM     0003B
_CaracterRx2             bssCOMRAM     0003C
_EECON2                  (abs)         00FA7
_INTCONbits              (abs)         00FF2
_Interrupcion            intcode       00008
_LATA                    (abs)         00F89
_LATB                    (abs)         00F8A
_LATC                    (abs)         00F8B
_LATD                    (abs)         00F8C
_LATD6                   (abs)         07C66
_Open1USART              text1         002F6
_Open2USART              text2         0027E
_PIE1bits                (abs)         00F9D
_PIE3bits                (abs)         00FA3
_PIR1bits                (abs)         00F9E
_PIR3bits                (abs)         00FA4
_PPSCONbits              (abs)         00EFF
_RCREG1                  (abs)         00FAF
_RCREG2                  (abs)         00FAA
_RCSTA1                  (abs)         00FAC
_RCSTA1bits              (abs)         00FAC
_RCSTA2                  (abs)         00F9C
_RCSTA2bits              (abs)         00F9C
_RPINR16                 (abs)         00EF6
_RPOR20                  (abs)         00EDA
_Read1USART              text7         003A2
_Read2USART              text6         0036A
_SPBRG1                  (abs)         00FB0
_SPBRG2                  (abs)         00FAB
_SPBRGH1                 (abs)         00F7F
_SPBRGH2                 (abs)         00F7D
_TRISA                   (abs)         00F92
_TRISB                   (abs)         00F93
_TRISC                   (abs)         00F94
_TRISD                   (abs)         00F95
_TXREG1                  (abs)         00FAE
_TXREG2                  (abs)         00FA9
_TXSTA1                  (abs)         00FAD
_TXSTA1bits              (abs)         00FAD
_TXSTA2                  (abs)         00FA8
_TXSTA2bits              (abs)         00FA8
_USART1_Status           bssCOMRAM     0003D
_USART2_Status           bssCOMRAM     0003E
_Write1USART             text3         003F8
_Write2USART             text4         00414
__CFG_CP0$OFF            (abs)         00000
__CFG_CPUDIV$OSC4_PLL6   (abs)         00000
__CFG_DSBOREN$OFF        (abs)         00000
__CFG_DSWDTEN$OFF        (abs)         00000
__CFG_DSWDTOSC$INTOSCREF (abs)         00000
__CFG_DSWDTPS$G2         (abs)         00000
__CFG_FCMEN$OFF          (abs)         00000
__CFG_IESO$OFF           (abs)         00000
__CFG_IOL1WAY$OFF        (abs)         00000
__CFG_LPT1OSC$OFF        (abs)         00000
__CFG_MSSP7B_EN$MSK7     (abs)         00000
__CFG_OSC$ECPLL          (abs)         00000
__CFG_PLLDIV$1           (abs)         00000
__CFG_RTCOSC$T1OSCREF    (abs)         00000
__CFG_STVREN$OFF         (abs)         00000
__CFG_T1DIG$OFF          (abs)         00000
__CFG_WDTEN$OFF          (abs)         00000
__CFG_WDTPS$32768        (abs)         00000
__CFG_WPCFG$OFF          (abs)         00000
__CFG_WPDIS$OFF          (abs)         00000
__CFG_WPEND$PAGE_WPFP    (abs)         00000
__CFG_WPFP$PAGE_63       (abs)         00000
__CFG_XINST$ON           (abs)         00000
__HRAM                   (abs)         00000
__Habs1                  abs1          00000
__Hbank0                 bank0         00000
__Hbank1                 bank1         00000
__Hbank10                bank10        00000
__Hbank11                bank11        00000
__Hbank12                bank12        00000
__Hbank13                bank13        00000
__Hbank14                bank14        00000
__Hbank2                 bank2         00000
__Hbank3                 bank3         00000
__Hbank4                 bank4         00000
__Hbank5                 bank5         00000
__Hbank6                 bank6         00000
__Hbank7                 bank7         00000
__Hbank8                 bank8         00000
__Hbank9                 bank9         00000
__Hbigbss                bigbss        00000
__Hbigdata               bigdata       00000
__Hbigram                bigram        00000
__Hbss                   bss           00000
__HbssBANK0              bssBANK0      00000
__HbssCOMRAM             bssCOMRAM     00000
__Hcinit                 cinit         00000
__Hclrtext               clrtext       00000
__Hcomram                comram        00000
__Hconfig                config        10000
__Hconst                 const         00000
__HcstackCOMRAM          cstackCOMRAM  00000
__Hdata                  data          00000
__Hend_init              end_init      000D2
__Hfarbss                farbss        00000
__Hfardata               fardata       00000
__Hibigdata              ibigdata      00000
__Hidata                 idata         00000
__Hidloc                 idloc         00000
__Hifardata              ifardata      00000
__Hinit                  init          000CE
__Hintcode               intcode       000CE
__Hintcode_body          intcode_body  00000
__Hintcodelo             intcodelo     000CE
__Hintentry              intentry      00000
__Hintret                intret        00000
__Hintsave_regs          intsave_regs  00000
__Hirdata                irdata        00000
__Hjflash_buffer         jflash_buffer 0F800
__Hmediumconst           mediumconst   00000
__Hnvbit                 nvbit         00000
__Hnvrram                nvrram        00000
__Hparam                 rparam        00000
__Hpowerup               powerup       000CE
__Hram                   ram           00000
__Hramtop                ramtop        00F00
__Hrbit                  rbit          00000
__Hrbss                  rbss          00000
__Hrdata                 rdata         00000
__Hreset_vec             reset_vec     00004
__Hrparam                rparam        00000
__Hsfr                   sfr           00000
__Hsmallconst            smallconst    00000
__Hstruct                struct        00000
__Htemp                  temp          00000
__Htext                  text          00000
__Htext0                 text0         00000
__Htext1                 text1         00000
__Htext2                 text2         00000
__Htext3                 text3         00000
__Htext4                 text4         00000
__Htext6                 text6         00000
__Htext7                 text7         00000
__Htext8                 text8         00000
__LRAM                   (abs)         00001
__Labs1                  abs1          00000
__Lbank0                 bank0         00000
__Lbank1                 bank1         00000
__Lbank10                bank10        00000
__Lbank11                bank11        00000
__Lbank12                bank12        00000
__Lbank13                bank13        00000
__Lbank14                bank14        00000
__Lbank2                 bank2         00000
__Lbank3                 bank3         00000
__Lbank4                 bank4         00000
__Lbank5                 bank5         00000
__Lbank6                 bank6         00000
__Lbank7                 bank7         00000
__Lbank8                 bank8         00000
__Lbank9                 bank9         00000
__Lbigbss                bigbss        00000
__Lbigdata               bigdata       00000
__Lbigram                bigram        00000
__Lbss                   bss           00000
__LbssBANK0              bssBANK0      00000
__LbssCOMRAM             bssCOMRAM     00000
__Lcinit                 cinit         00000
__Lclrtext               clrtext       00000
__Lcomram                comram        00000
__Lconfig                config        0FFF8
__Lconst                 const         00000
__LcstackCOMRAM          cstackCOMRAM  00000
__Ldata                  data          00000
__Lend_init              end_init      000CE
__Lfarbss                farbss        00000
__Lfardata               fardata       00000
__Libigdata              ibigdata      00000
__Lidata                 idata         00000
__Lidloc                 idloc         00000
__Lifardata              ifardata      00000
__Linit                  init          000CE
__Lintcode               intcode       00008
__Lintcode_body          intcode_body  00000
__Lintcodelo             intcodelo     000CE
__Lintentry              intentry      00000
__Lintret                intret        00000
__Lintsave_regs          intsave_regs  00000
__Lirdata                irdata        00000
__Ljflash_buffer         jflash_buffer 0F800
__Lmediumconst           mediumconst   00000
__Lnvbit                 nvbit         00000
__Lnvrram                nvrram        00000
__Lparam                 rparam        00000
__Lpowerup               powerup       000CE
__Lram                   ram           00000
__Lramtop                ramtop        00F00
__Lrbit                  rbit          00000
__Lrbss                  rbss          00000
__Lrdata                 rdata         00000
__Lreset_vec             reset_vec     00000
__Lrparam                rparam        00000
__Lsfr                   sfr           00000
__Lsmallconst            smallconst    00000
__Lstruct                struct        00000
__Ltemp                  temp          00000
__Ltext                  text          00000
__Ltext0                 text0         00000
__Ltext1                 text1         00000
__Ltext2                 text2         00000
__Ltext3                 text3         00000
__Ltext4                 text4         00000
__Ltext6                 text6         00000
__Ltext7                 text7         00000
__Ltext8                 text8         00000
__S0                     (abs)         10000
__S1                     (abs)         000C4
__accesstop              (abs)         00060
__activetblptr           (abs)         00000
__end_of_Interrupcion    intcode       000CE
__end_of_Open1USART      text1         0036A
__end_of_Open2USART      text2         002F6
__end_of_Read1USART      text7         003DA
__end_of_Read2USART      text6         003A2
__end_of_Write1USART     text3         00414
__end_of_Write2USART     text4         00430
__end_of__initialization cinit         003F2
__end_of_main            text0         0027E
__initialization         cinit         003DA
__mediumconst            mediumconst   00000
__pbssBANK0              bssBANK0      00060
__pbssCOMRAM             bssCOMRAM     00001
__pcinit                 cinit         003DA
__pcstackCOMRAM          cstackCOMRAM  00046
__pintcode               intcode       00008
__ptext0                 text0         000D2
__ptext1                 text1         002F6
__ptext2                 text2         0027E
__ptext3                 text3         003F8
__ptext4                 text4         00414
__ptext6                 text6         0036A
__ptext7                 text7         003A2
__ptext8                 text8         00000
__ramtop                 ramtop        00F00
__size_of_Interrupcion   (abs)         00000
__size_of_Open1USART     (abs)         00000
__size_of_Open2USART     (abs)         00000
__size_of_Read1USART     (abs)         00000
__size_of_Read2USART     (abs)         00000
__size_of_Write1USART    (abs)         00000
__size_of_Write2USART    (abs)         00000
__size_of_main           (abs)         00000
__smallconst             smallconst    00000
_a                       bssCOMRAM     0003F
_anio                    bssCOMRAM     00025
_auxGPS                  bssCOMRAM     00001
_bandera_contador        bssCOMRAM     00027
_bufferGPS               bssBANK0      00060
_coma                    bssCOMRAM     00040
_dia                     bssCOMRAM     00029
_direccion_EO            bssCOMRAM     00041
_direccion_NS            bssCOMRAM     00042
_hora                    bssCOMRAM     0002B
_latitud                 bssCOMRAM     0001F
_longitud                bssCOMRAM     00022
_main                    text0         000D2
_mes                     bssCOMRAM     0002D
_minutos                 bssCOMRAM     0002F
_p1                      bssCOMRAM     00031
_p2                      bssCOMRAM     00033
_posicion_escritura      bssCOMRAM     00035
_posicion_lectura        bssCOMRAM     00037
_puntero                 bssCOMRAM     00044
_segundos                bssCOMRAM     00039
_temporal                bssCOMRAM     00043
end_of_initialization    cinit         003F2
intlevel0                text          00000
intlevel1                text          00000
intlevel2                text          00000
intlevel3                text          00000
start                    init          000CE
start_initialization     cinit         003DA


FUNCTION INFORMATION:

 *************** function _main *****************
 Defined at:
		line 94 in file "usart1.c"
 Parameters:    Size  Location     Type
		None
 Auto vars:     Size  Location     Type
		None
 Return value:  Size  Location     Type
		None               void
 Registers used:
		wreg, fsr0l, fsr0h, fsr1l, fsr1h, fsr2l, fsr2h, status,2, status,0, pclat, tosl, structret, tblptrl, tblptrh, tblptru, prodl, prodh, bsr, cstack
 Tracked objects:
		On entry : 
		On exit  : 
		Unchanged: 
 Data sizes:     COMRAM   BANK0   BANK1   BANK2   BANK3   BANK4   BANK5   BANK6   BANK7   BANK8   BANK9  BANK10  BANK11  BANK12  BANK13  BANK14
      Params:         0       0       0       0       0       0       0       0       0       0       0       0       0       0       0       0
      Locals:         0       0       0       0       0       0       0       0       0       0       0       0       0       0       0       0
      Temps:          1       0       0       0       0       0       0       0       0       0       0       0       0       0       0       0
      Totals:         1       0       0       0       0       0       0       0       0       0       0       0       0       0       0       0
Total ram usage:        1 bytes
 Hardware stack levels required when called:    3
 This function calls:
		_Open1USART
		_Open2USART
		_Write1USART
		_Write2USART
 This function is called by:
		Startup code after reset
 This function uses a non-reentrant model


 *************** function _Open1USART *****************
 Defined at:
		line 125 in file "plib/USART/u1open.c"
 Parameters:    Size  Location     Type
  config          1   15[COMRAM] unsigned char 
  spbrg           2   16[COMRAM] unsigned int 
 Auto vars:     Size  Location     Type
		None
 Return value:  Size  Location     Type
		None               void
 Registers used:
		wreg, status,2
 Tracked objects:
		On entry : 
		On exit  : 
		Unchanged: 
 Data sizes:     COMRAM   BANK0   BANK1   BANK2   BANK3   BANK4   BANK5   BANK6   BANK7   BANK8   BANK9  BANK10  BANK11  BANK12  BANK13  BANK14
      Params:         3       0       0       0       0       0       0       0       0       0       0       0       0       0       0       0
      Locals:         0       0       0       0       0       0       0       0       0       0       0       0       0       0       0       0
      Temps:          0       0       0       0       0       0       0       0       0       0       0       0       0       0       0       0
      Totals:         3       0       0       0       0       0       0       0       0       0       0       0       0       0       0       0
Total ram usage:        3 bytes
 Hardware stack levels used:    1
 Hardware stack levels required when called:    2
 This function calls:
		Nothing
 This function is called by:
		_main
 This function uses a non-reentrant model


 *************** function _Open2USART *****************
 Defined at:
		line 119 in file "plib/USART/u2open.c"
 Parameters:    Size  Location     Type
  config          1   15[COMRAM] unsigned char 
  spbrg           2   16[COMRAM] unsigned int 
 Auto vars:     Size  Location     Type
		None
 Return value:  Size  Location     Type
		None               void
 Registers used:
		wreg, status,2
 Tracked objects:
		On entry : 
		On exit  : 
		Unchanged: 
 Data sizes:     COMRAM   BANK0   BANK1   BANK2   BANK3   BANK4   BANK5   BANK6   BANK7   BANK8   BANK9  BANK10  BANK11  BANK12  BANK13  BANK14
      Params:         3       0       0       0       0       0       0       0       0       0       0       0       0       0       0       0
      Locals:         0       0       0       0       0       0       0       0       0       0       0       0       0       0       0       0
      Temps:          0       0       0       0       0       0       0       0       0       0       0       0       0       0       0       0
      Totals:         3       0       0       0       0       0       0       0       0       0       0       0       0       0       0       0
Total ram usage:        3 bytes
 Hardware stack levels used:    1
 Hardware stack levels required when called:    2
 This function calls:
		Nothing
 This function is called by:
		_main
 This function uses a non-reentrant model


 *************** function _Write1USART *****************
 Defined at:
		line 15 in file "plib/USART/u1write.c"
 Parameters:    Size  Location     Type
  data            1   15[COMRAM] unsigned char 
 Auto vars:     Size  Location     Type
		None
 Return value:  Size  Location     Type
		None               void
 Registers used:
		None
 Tracked objects:
		On entry : 
		On exit  : 
		Unchanged: 
 Data sizes:     COMRAM   BANK0   BANK1   BANK2   BANK3   BANK4   BANK5   BANK6   BANK7   BANK8   BANK9  BANK10  BANK11  BANK12  BANK13  BANK14
      Params:         1       0       0       0       0       0       0       0       0       0       0       0       0       0       0       0
      Locals:         0       0       0       0       0       0       0       0       0       0       0       0       0       0       0       0
      Temps:          0       0       0       0       0       0       0       0       0       0       0       0       0       0       0       0
      Totals:         1       0       0       0       0       0       0       0       0       0       0       0       0       0       0       0
Total ram usage:        1 bytes
 Hardware stack levels used:    1
 Hardware stack levels required when called:    2
 This function calls:
		Nothing
 This function is called by:
		_main
 This function uses a non-reentrant model


 *************** function _Write2USART *****************
 Defined at:
		line 16 in file "plib/USART/u2write.c"
 Parameters:    Size  Location     Type
  data            1   15[COMRAM] unsigned char 
 Auto vars:     Size  Location     Type
		None
 Return value:  Size  Location     Type
		None               void
 Registers used:
		None
 Tracked objects:
		On entry : 
		On exit  : 
		Unchanged: 
 Data sizes:     COMRAM   BANK0   BANK1   BANK2   BANK3   BANK4   BANK5   BANK6   BANK7   BANK8   BANK9  BANK10  BANK11  BANK12  BANK13  BANK14
      Params:         1       0       0       0       0       0       0       0       0       0       0       0       0       0       0       0
      Locals:         0       0       0       0       0       0       0       0       0       0       0       0       0       0       0       0
      Temps:          0       0       0       0       0       0       0       0       0       0       0       0       0       0       0       0
      Totals:         1       0       0       0       0       0       0       0       0       0       0       0       0       0       0       0
Total ram usage:        1 bytes
 Hardware stack levels used:    1
 Hardware stack levels required when called:    2
 This function calls:
		Nothing
 This function is called by:
		_main
 This function uses a non-reentrant model


 *************** function _Interrupcion *****************
 Defined at:
		line 181 in file "usart1.c"
 Parameters:    Size  Location     Type
		None
 Auto vars:     Size  Location     Type
		None
 Return value:  Size  Location     Type
		None               void
 Registers used:
		wreg, fsr2l, fsr2h, status,2, status,0, cstack
 Tracked objects:
		On entry : 
		On exit  : 
		Unchanged: 
 Data sizes:     COMRAM   BANK0   BANK1   BANK2   BANK3   BANK4   BANK5   BANK6   BANK7   BANK8   BANK9  BANK10  BANK11  BANK12  BANK13  BANK14
      Params:         0       0       0       0       0       0       0       0       0       0       0       0       0       0       0       0
      Locals:         0       0       0       0       0       0       0       0       0       0       0       0       0       0       0       0
      Temps:         14       0       0       0       0       0       0       0       0       0       0       0       0       0       0       0
      Totals:        14       0       0       0       0       0       0       0       0       0       0       0       0       0       0       0
Total ram usage:       14 bytes
 Hardware stack levels used:    1
 Hardware stack levels required when called:    1
 This function calls:
		_Read2USART
		_Read1USART
 This function is called by:
		Interrupt level 2
 This function uses a non-reentrant model


 *************** function _Read2USART *****************
 Defined at:
		line 18 in file "plib/USART/u2read.c"
 Parameters:    Size  Location     Type
		None
 Auto vars:     Size  Location     Type
  data            1    0[COMRAM] unsigned char 
 Return value:  Size  Location     Type
                  1    wreg      unsigned char 
 Registers used:
		wreg, status,2, status,0
 Tracked objects:
		On entry : 
		On exit  : 
		Unchanged: 
 Data sizes:     COMRAM   BANK0   BANK1   BANK2   BANK3   BANK4   BANK5   BANK6   BANK7   BANK8   BANK9  BANK10  BANK11  BANK12  BANK13  BANK14
      Params:         0       0       0       0       0       0       0       0       0       0       0       0       0       0       0       0
      Locals:         1       0       0       0       0       0       0       0       0       0       0       0       0       0       0       0
      Temps:          0       0       0       0       0       0       0       0       0       0       0       0       0       0       0       0
      Totals:         1       0       0       0       0       0       0       0       0       0       0       0       0       0       0       0
Total ram usage:        1 bytes
 Hardware stack levels used:    1
 This function calls:
		Nothing
 This function is called by:
		_Interrupcion
 This function uses a non-reentrant model


 *************** function _Read1USART *****************
 Defined at:
		line 18 in file "plib/USART/u1read.c"
 Parameters:    Size  Location     Type
		None
 Auto vars:     Size  Location     Type
  data            1    0[COMRAM] unsigned char 
 Return value:  Size  Location     Type
                  1    wreg      unsigned char 
 Registers used:
		wreg, status,2, status,0
 Tracked objects:
		On entry : 
		On exit  : 
		Unchanged: 
 Data sizes:     COMRAM   BANK0   BANK1   BANK2   BANK3   BANK4   BANK5   BANK6   BANK7   BANK8   BANK9  BANK10  BANK11  BANK12  BANK13  BANK14
      Params:         0       0       0       0       0       0       0       0       0       0       0       0       0       0       0       0
      Locals:         1       0       0       0       0       0       0       0       0       0       0       0       0       0       0       0
      Temps:          0       0       0       0       0       0       0       0       0       0       0       0       0       0       0       0
      Totals:         1       0       0       0       0       0       0       0       0       0       0       0       0       0       0       0
Total ram usage:        1 bytes
 Hardware stack levels used:    1
 This function calls:
		Nothing
 This function is called by:
		_Interrupcion
 This function uses a non-reentrant model



MODULE INFORMATION

Module		Function		Class		Link	Load	Size
usart1.c
		_Interrupcion  		CODE           	0008	0000	198
		_main          		CODE           	00D2	0000	428

usart1.c estimated size: 626

plib/USART/u1open.c
		_Open1USART    		CODE           	02F6	0000	116

plib/USART/u1open.c estimated size: 116

plib/USART/u2open.c
		_Open2USART    		CODE           	027E	0000	120

plib/USART/u2open.c estimated size: 120

shared
		__initializatio		CODE           	03DA	0000	24

shared estimated size: 24

plib/USART/u1write.c
		_Write1USART   		CODE           	03F8	0000	28

plib/USART/u1write.c estimated size: 28

plib/USART/u2write.c
		_Write2USART   		CODE           	0414	0000	28

plib/USART/u2write.c estimated size: 28

plib/USART/u1read.c
		_Read1USART    		CODE           	03A2	0000	56

plib/USART/u1read.c estimated size: 56

plib/USART/u2read.c
		_Read2USART    		CODE           	036A	0000	56

plib/USART/u2read.c estimated size: 56

